100 answers, graded by two rubrics that differ by one clause.

  strict rubric      says correct  36 of 100  (36%)
  lenient rubric     says correct  92 of 100  (92%)
  the string rule    says correct  94 of 100  (94%)

  raw agreement between the two annotators   44%
  agreement expected from chance alone       38%
  Cohen's kappa                              0.09
  strict vs string rule                      agreement 42%, kappa 0.07
  lenient vs string rule                     agreement 96%, kappa 0.69

They disagreed on 56 of 100. Two of them:

  Q: What was revenue in 2023 Q1?
  A: Revenue in 2023 Q1 was **$7,360,833.67**.
     expected '7,360,834'  ->  strict WRONG, lenient CORRECT

  Q: Which region was strongest in 2023 Q1?
  A: Midwest was the strongest region in 2023 Q1 by revenue.
     expected 'Midwest'  ->  strict WRONG, lenient CORRECT

These are stand-ins for two people, and the arithmetic is identical when the
annotators are human — as is the cause. Neither rubric is wrong. They encode
different answers to a question nobody asked out loud: does a fuller answer
than requested still count?

That question has to be settled before annotation, not discovered during it.
Every hour spent making a rubric decidable is an hour you do not spend
arguing about labels you have already paid for.
