50,000 structured vectors, HNSW M=16; 200 held-out queries; ten results wanted

  keeps  strategy                       returned recall examined     ms
  50.0%  post-filter, fetch 10               5.0    50%        -   0.29
  50.0%  post-filter, fetch 60              10.0    99%        -   0.43
  50.0%  filter during the walk             10.0   100%      222      -
  50.0%  exact search of matching rows      10.0   100%   24,939   2.27

  10.0%  post-filter, fetch 10               1.0    10%        -   0.30
  10.0%  post-filter, fetch 300             10.0   100%        -   1.41
  10.0%  filter during the walk             10.0   100%      833      -
  10.0%  exact search of matching rows      10.0   100%    4,903   0.30

   1.0%  post-filter, fetch 10               0.1     1%        -   0.29
   1.0%  post-filter, fetch 3,000           10.0   100%        -   8.12
   1.0%  filter during the walk             10.0   100%    6,185      -
   1.0%  exact search of matching rows      10.0   100%      473   0.03

   0.1%  post-filter, fetch 10               0.0     0%        -   0.30
   0.1%  post-filter, fetch 30,000          10.0   100%        -  30.29
   0.1%  filter during the walk             10.0   100%   50,000      -
   0.1%  exact search of matching rows      10.0   100%       36   0.01

examined: rows checked against the filter (walk) or scored (exact), per query.
The walk also computes a distance for every row it visits; its filter is a Python
function here, so its time is not comparable and is not shown.
