Of 40 contracts, the review step:
  left the answer alone      21
  changed it from wrong to right   9
  changed it from RIGHT TO WRONG   10

A case where the critic broke a correct answer:
  contract     cap 5%, notice 30d, payment 45d
  truth        not compliant
  draft        No — it meets the 8% cap and 45-day payment term, but the price-rise notice is only 30 days, so it fails Meridian’s 60-d
  critique     The colleague’s answer is **right**.  Here’s the check against each Meridian requirement:  1. **Price adjustment cap is 8% or less**      - Contract clause **2.2** says the Supplier may propose an adjustment of **up to 5
  final        YES

Read that trace carefully, because the failure is not where you would guess.

The draft was correct. The critique AGREED with it — 'the colleague's answer is
right'. And the final step then answered YES, because it was handed two pieces
of prose and asked to reconcile them, and 'the answer is right' looks a great
deal like 'yes'.

No individual step failed. The composition did. Meaning was carried between
steps as English, and English about a verdict is not a verdict.

Three calls, state carried as prose:           30/40  75.0%
Two calls, state carried as a boolean:         39/40  97.5%

The draft is the same call in both. What changed is that the critic returns a
field, so no third call has to read a sentence to find the verdict. Chapter 8's
schema, used as the join between two calls rather than as the output of one.
