1. Looping — the same call, over and over

   3 steps, 0 of them exact repeats
   stopped because: answered
     1. {'query': 'Meridian employee headcount', 'limit': 5}
     2. {'query': 'headcount employees Meridian', 'limit': 5}
     3. {'query': 'number of employees Meridian', 'limit': 5}

   It did not repeat itself once. It rephrased — four different wordings of the
   same question, all returning nothing. So the loop guard, which compares
   arguments exactly, never fired.

   That is worth knowing, because the exact-match guard is what everyone writes.
   The loop that actually happens is semantic, and catching it means noticing
   that N consecutive calls to the same tool all returned nothing.


2. Budget exhaustion — and what comes back when it happens

   stopped because: step budget (2) exhausted
   answer: Here’s what I’ve established so far from the documents:

### 2024 Q3
- **Revenue:** **$8,461,842**
- **Gross margin:** **33.1%**
- **Stated cause(s):**
  - **Account loss** was the main driver of the 
   A budget that returns nothing is a bug. A budget that returns what it has,
   and says what is missing, is a result someone can act on.


3. Tool thrashing — swapping tools instead of thinking

   route: search_documents -> search_documents
   stopped because: answered
   answer: I couldn’t find any Meridian document or warehouse record that states the average tenure of warehouse staff.

If you want, I can help you look for:
- a specific HR report or headco
   Two steps and a clean concession. No thrashing at all — it searched twice,
   found nothing, and said so. The failure mode is real and this model did not
   exhibit it here, which is the sort of thing worth checking before designing
   elaborate machinery to prevent it.


4. Confident wrongness — the expensive one

   steps: 7
   answer: I’ve established only this so far:

- Meridian had quarterly performance data for 2025:
  - Q1 revenue: **$9,079,542**, gross margin **31.4%**
  - Q2 revenue: **$8,633,631**, gross margin **31.0%**
  - Q3 revenue: **$8,8
   The premise is false — there is no fourth distribution centre — and Chapter 5
   measured that a model handed a false premise builds on it rather than
   questioning it.

   It did not, here. It searched, found nothing about a fourth centre, and
   reported the real 2025 figures instead. Having tools appears to help: an
   agent that can look is less inclined to invent, because looking is available
   and cheap. It still did not say plainly that the premise was wrong, which is
   what you would want.


5. Drift — answering a nearby question

   route: query_warehouse -> query_warehouse -> search_documents
   answer: In 2024 Q4, **Midwest** had the worst gross margin at **31.3%**. The best region was **Southwest** at **32.0%**, so Midwest trailed by **0.7 percentage points**.
   Both halves answered, and both correct against the warehouse. No drift.
   Chapter 9 measured drift in a two-step prose chain; a tool loop that can go
   back for the second figure appears less prone to it.


Two of five occurred: the rephrasing loop, and budget exhaustion.

Three did not, on this corpus, with this model, today. That is not a reason to
stop guarding against them — it is a reason to measure before building
machinery, and to re-measure when the model changes.

All five are visible in the trace and invisible in the answer, which is the
part that does not change.
