Failure 1 — the right chunk was never retrieved

  0.605  qbr-2023-Q3.md         Summary
  0.600  qbr-2025-Q3.md         Summary
  0.581  qbr-2023-Q2.md         Summary
  0.575  qbr-2024-Q1.md         Summary
  0.574  qbr-2023-Q4.md         Summary

  The chunk containing the answer is at rank 9 (0.552).
  Every quarterly review has a Summary section worded almost identically, so
  the embedding recognises 'a revenue summary' perfectly and cannot tell which
  quarter. Eight other quarters outrank the right one.
  Fix: metadata filtering and hybrid search — Chapter 14. Not a better prompt.


Failure 2 — the question had two parts and retrieval served one

  retrieved: ['2. Prices and price ad', '2. Prices and price ad', '2. Prices and price ad', '2. Prices and price ad', '2. Prices and price ad']
  answer:    From the excerpts:

- **Notice before a price rise:**  
  - Usually **30 days’ written notice**  
  - In two contracts, it is **60 days’ written notice**

- **Time to pay an invoice:**  
  - **Not sta
  All five retrieved chunks are clause 2, from five different contracts. The
  payment clause was never returned, so half the question is unanswerable from
  what was sent — and the model correctly says so for that half while answering
  the other confidently.
  One retrieval, one embedding, one ranking: a two-part question competes with
  itself, and the stronger half wins.
  Fix: decompose the question and retrieve per part — Chapter 9's pattern,
  applied to retrieval rather than reasoning.


Failure 3 — the retrieved chunk is right and says something else

  retrieved from 3 different contracts:
    0.583  MSC-2023-101         caps: ['4%']
    0.583  MSC-2023-133         caps: ['12%']
    0.583  MSC-2025-115         caps: ['12%']
  The question has no single answer: forty contracts have forty caps. A system
  that answers it has silently picked one.
  Fix: the question needs a filter. Chapter 14 rewrites queries that lack one.


Failure 4 — nothing relevant exists and it answers anyway

  no instruction     The excerpts don’t state how many people work at the Columbus depot, so I can’t determine that from the provid
  told to abstain    NOT IN THE DOCUMENTS.
  Fix: the abstention gate from the previous listing, plus the instruction.


The diagnosis is always the same three questions, in this order:
  1. Is the answer in the corpus at all?
  2. If so, was its chunk retrieved?
  3. If so, did the model use it?

Each answer points at a different fix, and you cannot tell them apart by
reading the output. This is why Chapter 20 logs what was retrieved.
